// Jest Snapshot v1, https://goo.gl/fbAQLP

exports[`c-main renders default html 1`] = `
<c-main>
  <mock:shadow-root>
    <slot></slot>
  </mock:shadow-root>
  <div slot="">
    <c-container>
      <h1>
        Hello world!
      </h1>
      <p>
        This is a test&gt;
      </p>
    </c-container>
  </div>
</c-main>
`;
