// Jest Snapshot v1, https://goo.gl/fbAQLP

exports[`c-autocomplete displays given items correctly 1`] = `"KoskinenKairinen"`;
