// Jest Snapshot v1, https://goo.gl/fbAQLP

exports[`c-spacer renders default html 1`] = `
<c-spacer>
  <mock:shadow-root></mock:shadow-root>
</c-spacer>
`;
